The variant is: rs6426192

The genes found associated with this variant are: DDX11L1, DDX11L17

Here is some information about the variant that you requested:

{'_id': 'chr1:g.247126985C>T',
 '_version': 2,
 'dbsnp': {'_license': 'http://bit.ly/2AqoLOc',
           'alleles': [{'allele': 'C',
                        'freq': {'1000g': 0.993,
                                 'dbgap_popfreq': 0.996,
                                 'gnomad': 0.994,
                                 'hapmap': 0.991,
                                 'qatari': 0.986,
                                 'sgdp_prj': 0.5,
                                 'topmed': 0.994}},
                       {'allele': 'T',
                        'freq': {'1000g': 0.007,
                                 'dbgap_popfreq': 0.004,
                                 'gnomad': 0.006,
                                 'hapmap': 0.009,
                                 'qatari': 0.014,
                                 'sgdp_prj': 0.5,
                                 'topmed': 0.006}}],
           'alt': 'T',
           'chrom': '1',
           'dbsnp_build': 155,
           'gene': [{'geneid': 57116,
                     'is_pseudo': False,
                     'name': 'zinc finger protein 695',
                     'rnas': [{'hgvs': 'NM_001204221.2:c.488+4012=',
                               'protein_product': {'refseq': 'NP_001191150.2'},
                               'refseq': 'NM_001204221.2',
                               'so': [{'accession': 'SO:0001627',
                                       'name': 'intron_variant'}]},
                              {'protein_product': {'refseq': 'NP_065127.5'},
                               'refseq': 'NM_020394.5',
                               'so': [{'accession': 'SO:0002152',
                                       'name': 'genic_downstream_transcript_variant'}]},
                              {'refseq': 'NR_037892.2',
                               'so': [{'accession': 'SO:0001627',
                                       'name': 'intron_variant'}]}],
                     'strand': '-',
                     'symbol': 'ZNF695'},
                    {'geneid': 100533111,
                     'is_pseudo': False,
                     'name': 'ZNF670-ZNF695 readthrough (NMD candidate)',
                     'rnas': [{'refseq': 'NR_037894.1',
                               'so': [{'accession': 'SO:0001627',
                                       'name': 'intron_variant'}]}],
                     'strand': '-',
                     'symbol': 'ZNF670-ZNF695'}],
           'hg19': {'end': 247126985, 'start': 247126985},
           'ref': 'C',
           'rsid': 'rs6426192',
           'vartype': 'snv'}}

Here is some information about gene DDX11L1, which was found to be close to this variant:

{'hits': [{'_id': '100287102', '_score': 42.898094},
          {'_id': '100287029', '_score': 2.8949432}],
 'max_score': 42.898094,
 'took': 2,
 'total': 2}

Here is some information about gene DDX11L17, which was found to be close to this variant:

{'hits': [{'_id': 'ENSG00000279928', '_score': 40.151558},
          {'_id': '107973030', '_score': 40.151558},
          {'_id': '102725121', '_score': 40.151558},
          {'_id': '110567221', '_score': 40.151558}],
 'max_score': 40.151558,
 'took': 3,
 'total': 4}
